// Jest Snapshot v1, https://goo.gl/fbAQLP

exports[`App Should call fetch 1`] = `
<div
  className="App"
>
  <div>
    Loading...
  </div>
</div>
`;
